<?xml version="1.0" encoding="UTF-8"?>
<testsuites>
  <testsuite name="C:\Users\bmwan\Documents\monrespro\monrespro-logistic\backend\phpunit.xml" tests="162" assertions="391" errors="0" failures="0" skipped="0" time="60.853176">
    <testsuite name="Unit" tests="1" assertions="1" errors="0" failures="0" skipped="0" time="0.006239">
      <testsuite name="Tests\Unit\ExampleTest" file="C:\Users\bmwan\Documents\monrespro\monrespro-logistic\backend\tests\Unit\ExampleTest.php" tests="1" assertions="1" errors="0" failures="0" skipped="0" time="0.006239">
        <testcase name="test_that_true_is_true" file="C:\Users\bmwan\Documents\monrespro\monrespro-logistic\backend\tests\Unit\ExampleTest.php" line="12" class="Tests\Unit\ExampleTest" classname="Tests.Unit.ExampleTest" assertions="1" time="0.006239"/>
      </testsuite>
    </testsuite>
    <testsuite name="Feature" tests="161" assertions="390" errors="0" failures="0" skipped="0" time="60.846938">
      <testsuite name="Tests\Feature\ArchiveSignedFormTest" file="C:\Users\bmwan\Documents\monrespro\monrespro-logistic\backend\tests\Feature\ArchiveSignedFormTest.php" tests="4" assertions="15" errors="0" failures="0" skipped="0" time="6.482443">
        <testcase name="test_operator_can_archive_signed_form_and_receives_url" file="C:\Users\bmwan\Documents\monrespro\monrespro-logistic\backend\tests\Feature\ArchiveSignedFormTest.php" line="67" class="Tests\Feature\ArchiveSignedFormTest" classname="Tests.Feature.ArchiveSignedFormTest" assertions="6" time="5.158022"/>
        <testcase name="test_second_upload_replaces_previous_file" file="C:\Users\bmwan\Documents\monrespro\monrespro-logistic\backend\tests\Feature\ArchiveSignedFormTest.php" line="96" class="Tests\Feature\ArchiveSignedFormTest" classname="Tests.Feature.ArchiveSignedFormTest" assertions="7" time="0.285869"/>
        <testcase name="test_invalid_mime_returns_validation_error" file="C:\Users\bmwan\Documents\monrespro\monrespro-logistic\backend\tests\Feature\ArchiveSignedFormTest.php" line="125" class="Tests\Feature\ArchiveSignedFormTest" classname="Tests.Feature.ArchiveSignedFormTest" assertions="1" time="0.587765"/>
        <testcase name="test_client_cannot_archive_signed_form" file="C:\Users\bmwan\Documents\monrespro\monrespro-logistic\backend\tests\Feature\ArchiveSignedFormTest.php" line="139" class="Tests\Feature\ArchiveSignedFormTest" classname="Tests.Feature.ArchiveSignedFormTest" assertions="1" time="0.450787"/>
      </testsuite>
      <testsuite name="Tests\Feature\AssistedPurchaseWorkflowTest" file="C:\Users\bmwan\Documents\monrespro\monrespro-logistic\backend\tests\Feature\AssistedPurchaseWorkflowTest.php" tests="6" assertions="16" errors="0" failures="0" skipped="0" time="2.108535">
        <testcase name="test_aa_01_scraping_url_successful" file="C:\Users\bmwan\Documents\monrespro\monrespro-logistic\backend\tests\Feature\AssistedPurchaseWorkflowTest.php" line="57" class="Tests\Feature\AssistedPurchaseWorkflowTest" classname="Tests.Feature.AssistedPurchaseWorkflowTest" assertions="1" time="0.358105"/>
        <testcase name="test_aa_02_scraping_fails_gracefully" file="C:\Users\bmwan\Documents\monrespro\monrespro-logistic\backend\tests\Feature\AssistedPurchaseWorkflowTest.php" line="95" class="Tests\Feature\AssistedPurchaseWorkflowTest" classname="Tests.Feature.AssistedPurchaseWorkflowTest" assertions="2" time="0.265375"/>
        <testcase name="test_aa_03_quote_auto_expires_after_72_hours" file="C:\Users\bmwan\Documents\monrespro\monrespro-logistic\backend\tests\Feature\AssistedPurchaseWorkflowTest.php" line="131" class="Tests\Feature\AssistedPurchaseWorkflowTest" classname="Tests.Feature.AssistedPurchaseWorkflowTest" assertions="4" time="0.270244"/>
        <testcase name="test_aa_04_payment_validation_workflow" file="C:\Users\bmwan\Documents\monrespro\monrespro-logistic\backend\tests\Feature\AssistedPurchaseWorkflowTest.php" line="176" class="Tests\Feature\AssistedPurchaseWorkflowTest" classname="Tests.Feature.AssistedPurchaseWorkflowTest" assertions="6" time="0.400848"/>
        <testcase name="test_aa_05_weight_discrepancy_alert" file="C:\Users\bmwan\Documents\monrespro\monrespro-logistic\backend\tests\Feature\AssistedPurchaseWorkflowTest.php" line="237" class="Tests\Feature\AssistedPurchaseWorkflowTest" classname="Tests.Feature.AssistedPurchaseWorkflowTest" assertions="2" time="0.503642"/>
        <testcase name="test_aa_06_convert_to_shipment" file="C:\Users\bmwan\Documents\monrespro\monrespro-logistic\backend\tests\Feature\AssistedPurchaseWorkflowTest.php" line="287" class="Tests\Feature\AssistedPurchaseWorkflowTest" classname="Tests.Feature.AssistedPurchaseWorkflowTest" assertions="1" time="0.310320"/>
      </testsuite>
      <testsuite name="Tests\Feature\AuthenticationTest" file="C:\Users\bmwan\Documents\monrespro\monrespro-logistic\backend\tests\Feature\AuthenticationTest.php" tests="8" assertions="18" errors="0" failures="0" skipped="0" time="1.329365">
        <testcase name="test_auth_001_valid_operator_login" file="C:\Users\bmwan\Documents\monrespro\monrespro-logistic\backend\tests\Feature\AuthenticationTest.php" line="33" class="Tests\Feature\AuthenticationTest" classname="Tests.Feature.AuthenticationTest" assertions="5" time="0.316287"/>
        <testcase name="test_auth_002_valid_client_login" file="C:\Users\bmwan\Documents\monrespro\monrespro-logistic\backend\tests\Feature\AuthenticationTest.php" line="67" class="Tests\Feature\AuthenticationTest" classname="Tests.Feature.AuthenticationTest" assertions="2" time="0.255361"/>
        <testcase name="test_auth_003_login_nonexistent_email" file="C:\Users\bmwan\Documents\monrespro\monrespro-logistic\backend\tests\Feature\AuthenticationTest.php" line="98" class="Tests\Feature\AuthenticationTest" classname="Tests.Feature.AuthenticationTest" assertions="2" time="0.070783"/>
        <testcase name="test_auth_004_login_wrong_password" file="C:\Users\bmwan\Documents\monrespro\monrespro-logistic\backend\tests\Feature\AuthenticationTest.php" line="110" class="Tests\Feature\AuthenticationTest" classname="Tests.Feature.AuthenticationTest" assertions="1" time="0.245968"/>
        <testcase name="test_auth_005_login_empty_fields" file="C:\Users\bmwan\Documents\monrespro\monrespro-logistic\backend\tests\Feature\AuthenticationTest.php" line="133" class="Tests\Feature\AuthenticationTest" classname="Tests.Feature.AuthenticationTest" assertions="3" time="0.061130"/>
        <testcase name="test_auth_008_logout_endpoint_exists" file="C:\Users\bmwan\Documents\monrespro\monrespro-logistic\backend\tests\Feature\AuthenticationTest.php" line="145" class="Tests\Feature\AuthenticationTest" classname="Tests.Feature.AuthenticationTest" assertions="2" time="0.244738"/>
        <testcase name="test_auth_user_endpoint_requires_authentication" file="C:\Users\bmwan\Documents\monrespro\monrespro-logistic\backend\tests\Feature\AuthenticationTest.php" line="162" class="Tests\Feature\AuthenticationTest" classname="Tests.Feature.AuthenticationTest" assertions="1" time="0.069451"/>
        <testcase name="test_health_check_public" file="C:\Users\bmwan\Documents\monrespro\monrespro-logistic\backend\tests\Feature\AuthenticationTest.php" line="168" class="Tests\Feature\AuthenticationTest" classname="Tests.Feature.AuthenticationTest" assertions="2" time="0.065647"/>
      </testsuite>
      <testsuite name="Tests\Feature\ClientPortalTest" file="C:\Users\bmwan\Documents\monrespro\monrespro-logistic\backend\tests\Feature\ClientPortalTest.php" tests="10" assertions="31" errors="0" failures="0" skipped="0" time="4.720123">
        <testcase name="test_pc_001_client_dashboard_shows_kpis" file="C:\Users\bmwan\Documents\monrespro\monrespro-logistic\backend\tests\Feature\ClientPortalTest.php" line="69" class="Tests\Feature\ClientPortalTest" classname="Tests.Feature.ClientPortalTest" assertions="12" time="0.238082"/>
        <testcase name="test_pc_002_priority_alert_for_quoted_purchase" file="C:\Users\bmwan\Documents\monrespro\monrespro-logistic\backend\tests\Feature\ClientPortalTest.php" line="109" class="Tests\Feature\ClientPortalTest" classname="Tests.Feature.ClientPortalTest" assertions="3" time="0.234500"/>
        <testcase name="test_pc_003_no_alert_when_nothing_pending" file="C:\Users\bmwan\Documents\monrespro\monrespro-logistic\backend\tests\Feature\ClientPortalTest.php" line="130" class="Tests\Feature\ClientPortalTest" classname="Tests.Feature.ClientPortalTest" assertions="2" time="0.381952"/>
        <testcase name="test_pc_004_client_can_list_own_shipments" file="C:\Users\bmwan\Documents\monrespro\monrespro-logistic\backend\tests\Feature\ClientPortalTest.php" line="140" class="Tests\Feature\ClientPortalTest" classname="Tests.Feature.ClientPortalTest" assertions="1" time="0.601776"/>
        <testcase name="test_pc_008_client_locker_view" file="C:\Users\bmwan\Documents\monrespro\monrespro-logistic\backend\tests\Feature\ClientPortalTest.php" line="149" class="Tests\Feature\ClientPortalTest" classname="Tests.Feature.ClientPortalTest" assertions="3" time="0.629110"/>
        <testcase name="test_pc_010_empty_locker" file="C:\Users\bmwan\Documents\monrespro\monrespro-logistic\backend\tests\Feature\ClientPortalTest.php" line="159" class="Tests\Feature\ClientPortalTest" classname="Tests.Feature.ClientPortalTest" assertions="2" time="0.479212"/>
        <testcase name="test_pc_014_client_can_update_profile" file="C:\Users\bmwan\Documents\monrespro\monrespro-logistic\backend\tests\Feature\ClientPortalTest.php" line="169" class="Tests\Feature\ClientPortalTest" classname="Tests.Feature.ClientPortalTest" assertions="1" time="0.449403"/>
        <testcase name="test_pc_015_notification_preferences" file="C:\Users\bmwan\Documents\monrespro\monrespro-logistic\backend\tests\Feature\ClientPortalTest.php" line="178" class="Tests\Feature\ClientPortalTest" classname="Tests.Feature.ClientPortalTest" assertions="4" time="0.466754"/>
        <testcase name="test_client_cannot_access_other_client_data" file="C:\Users\bmwan\Documents\monrespro\monrespro-logistic\backend\tests\Feature\ClientPortalTest.php" line="194" class="Tests\Feature\ClientPortalTest" classname="Tests.Feature.ClientPortalTest" assertions="1" time="0.657157"/>
        <testcase name="test_pc_007_client_can_view_invoices" file="C:\Users\bmwan\Documents\monrespro\monrespro-logistic\backend\tests\Feature\ClientPortalTest.php" line="218" class="Tests\Feature\ClientPortalTest" classname="Tests.Feature.ClientPortalTest" assertions="2" time="0.582178"/>
      </testsuite>
      <testsuite name="Tests\Feature\ConfigSettingsTest" file="C:\Users\bmwan\Documents\monrespro\monrespro-logistic\backend\tests\Feature\ConfigSettingsTest.php" tests="13" assertions="15" errors="0" failures="0" skipped="0" time="5.330629">
        <testcase name="test_cfg_007_operator_cannot_access_settings" file="C:\Users\bmwan\Documents\monrespro\monrespro-logistic\backend\tests\Feature\ConfigSettingsTest.php" line="45" class="Tests\Feature\ConfigSettingsTest" classname="Tests.Feature.ConfigSettingsTest" assertions="1" time="0.852772"/>
        <testcase name="test_super_admin_reads_settings" file="C:\Users\bmwan\Documents\monrespro\monrespro-logistic\backend\tests\Feature\ConfigSettingsTest.php" line="52" class="Tests\Feature\ConfigSettingsTest" classname="Tests.Feature.ConfigSettingsTest" assertions="1" time="0.736696"/>
        <testcase name="test_super_admin_updates_settings" file="C:\Users\bmwan\Documents\monrespro\monrespro-logistic\backend\tests\Feature\ConfigSettingsTest.php" line="59" class="Tests\Feature\ConfigSettingsTest" classname="Tests.Feature.ConfigSettingsTest" assertions="1" time="0.649581"/>
        <testcase name="test_cfg_003_add_shipping_mode" file="C:\Users\bmwan\Documents\monrespro\monrespro-logistic\backend\tests\Feature\ConfigSettingsTest.php" line="70" class="Tests\Feature\ConfigSettingsTest" classname="Tests.Feature.ConfigSettingsTest" assertions="2" time="0.353848"/>
        <testcase name="test_cfg_006_configure_merchant" file="C:\Users\bmwan\Documents\monrespro\monrespro-logistic\backend\tests\Feature\ConfigSettingsTest.php" line="84" class="Tests\Feature\ConfigSettingsTest" classname="Tests.Feature.ConfigSettingsTest" assertions="2" time="0.296368"/>
        <testcase name="test_settings_hub_accessible" file="C:\Users\bmwan\Documents\monrespro\monrespro-logistic\backend\tests\Feature\ConfigSettingsTest.php" line="99" class="Tests\Feature\ConfigSettingsTest" classname="Tests.Feature.ConfigSettingsTest" assertions="1" time="0.285987"/>
        <testcase name="test_agency_admin_manages_shipping_modes" file="C:\Users\bmwan\Documents\monrespro\monrespro-logistic\backend\tests\Feature\ConfigSettingsTest.php" line="106" class="Tests\Feature\ConfigSettingsTest" classname="Tests.Feature.ConfigSettingsTest" assertions="1" time="0.288833"/>
        <testcase name="test_notification_templates_accessible" file="C:\Users\bmwan\Documents\monrespro\monrespro-logistic\backend\tests\Feature\ConfigSettingsTest.php" line="113" class="Tests\Feature\ConfigSettingsTest" classname="Tests.Feature.ConfigSettingsTest" assertions="1" time="0.314043"/>
        <testcase name="test_payment_methods_accessible" file="C:\Users\bmwan\Documents\monrespro\monrespro-logistic\backend\tests\Feature\ConfigSettingsTest.php" line="120" class="Tests\Feature\ConfigSettingsTest" classname="Tests.Feature.ConfigSettingsTest" assertions="1" time="0.348888"/>
        <testcase name="test_smtp_config_accessible" file="C:\Users\bmwan\Documents\monrespro\monrespro-logistic\backend\tests\Feature\ConfigSettingsTest.php" line="127" class="Tests\Feature\ConfigSettingsTest" classname="Tests.Feature.ConfigSettingsTest" assertions="1" time="0.295325"/>
        <testcase name="test_twilio_config_accessible" file="C:\Users\bmwan\Documents\monrespro\monrespro-logistic\backend\tests\Feature\ConfigSettingsTest.php" line="134" class="Tests\Feature\ConfigSettingsTest" classname="Tests.Feature.ConfigSettingsTest" assertions="1" time="0.286215"/>
        <testcase name="test_cfg_010_multi_agency_isolation" file="C:\Users\bmwan\Documents\monrespro\monrespro-logistic\backend\tests\Feature\ConfigSettingsTest.php" line="141" class="Tests\Feature\ConfigSettingsTest" classname="Tests.Feature.ConfigSettingsTest" assertions="1" time="0.269121"/>
        <testcase name="test_roles_permissions_accessible" file="C:\Users\bmwan\Documents\monrespro\monrespro-logistic\backend\tests\Feature\ConfigSettingsTest.php" line="158" class="Tests\Feature\ConfigSettingsTest" classname="Tests.Feature.ConfigSettingsTest" assertions="1" time="0.352953"/>
      </testsuite>
      <testsuite name="Tests\Feature\CurrencyConversionTest" file="C:\Users\bmwan\Documents\monrespro\monrespro-logistic\backend\tests\Feature\CurrencyConversionTest.php" tests="8" assertions="17" errors="0" failures="0" skipped="0" time="3.356092">
        <testcase name="test_dev_001_record_exchange_rate" file="C:\Users\bmwan\Documents\monrespro\monrespro-logistic\backend\tests\Feature\CurrencyConversionTest.php" line="38" class="Tests\Feature\CurrencyConversionTest" classname="Tests.Feature.CurrencyConversionTest" assertions="2" time="0.345868"/>
        <testcase name="test_dev_002_old_rate_archived" file="C:\Users\bmwan\Documents\monrespro\monrespro-logistic\backend\tests\Feature\CurrencyConversionTest.php" line="56" class="Tests\Feature\CurrencyConversionTest" classname="Tests.Feature.CurrencyConversionTest" assertions="4" time="0.491207"/>
        <testcase name="test_dev_003_convert_eur_to_usd" file="C:\Users\bmwan\Documents\monrespro\monrespro-logistic\backend\tests\Feature\CurrencyConversionTest.php" line="77" class="Tests\Feature\CurrencyConversionTest" classname="Tests.Feature.CurrencyConversionTest" assertions="3" time="0.693110"/>
        <testcase name="test_dev_004_convert_gbp_to_usd" file="C:\Users\bmwan\Documents\monrespro\monrespro-logistic\backend\tests\Feature\CurrencyConversionTest.php" line="97" class="Tests\Feature\CurrencyConversionTest" classname="Tests.Feature.CurrencyConversionTest" assertions="2" time="0.592643"/>
        <testcase name="test_dev_005_convert_cdf_to_usd" file="C:\Users\bmwan\Documents\monrespro\monrespro-logistic\backend\tests\Feature\CurrencyConversionTest.php" line="115" class="Tests\Feature\CurrencyConversionTest" classname="Tests.Feature.CurrencyConversionTest" assertions="2" time="0.393742"/>
        <testcase name="test_client_cannot_convert_currency" file="C:\Users\bmwan\Documents\monrespro\monrespro-logistic\backend\tests\Feature\CurrencyConversionTest.php" line="133" class="Tests\Feature\CurrencyConversionTest" classname="Tests.Feature.CurrencyConversionTest" assertions="1" time="0.282984"/>
        <testcase name="test_operator_cannot_manage_rates" file="C:\Users\bmwan\Documents\monrespro\monrespro-logistic\backend\tests\Feature\CurrencyConversionTest.php" line="145" class="Tests\Feature\CurrencyConversionTest" classname="Tests.Feature.CurrencyConversionTest" assertions="1" time="0.275496"/>
        <testcase name="test_list_exchange_rates" file="C:\Users\bmwan\Documents\monrespro\monrespro-logistic\backend\tests\Feature\CurrencyConversionTest.php" line="157" class="Tests\Feature\CurrencyConversionTest" classname="Tests.Feature.CurrencyConversionTest" assertions="2" time="0.281044"/>
      </testsuite>
      <testsuite name="Tests\Feature\ErrorPreventionResilienceTest" file="C:\Users\bmwan\Documents\monrespro\monrespro-logistic\backend\tests\Feature\ErrorPreventionResilienceTest.php" tests="4" assertions="21" errors="0" failures="0" skipped="0" time="2.328307">
        <testcase name="test_err_01_offline_mode_data_persistence_and_sync" file="C:\Users\bmwan\Documents\monrespro\monrespro-logistic\backend\tests\Feature\ErrorPreventionResilienceTest.php" line="55" class="Tests\Feature\ErrorPreventionResilienceTest" classname="Tests.Feature.ErrorPreventionResilienceTest" assertions="5" time="0.292361"/>
        <testcase name="test_err_02_phone_number_auto_formatting" file="C:\Users\bmwan\Documents\monrespro\monrespro-logistic\backend\tests\Feature\ErrorPreventionResilienceTest.php" line="125" class="Tests\Feature\ErrorPreventionResilienceTest" classname="Tests.Feature.ErrorPreventionResilienceTest" assertions="2" time="0.325227"/>
        <testcase name="test_err_03_odoo_failure_logs_sync_error_and_retries" file="C:\Users\bmwan\Documents\monrespro\monrespro-logistic\backend\tests\Feature\ErrorPreventionResilienceTest.php" line="177" class="Tests\Feature\ErrorPreventionResilienceTest" classname="Tests.Feature.ErrorPreventionResilienceTest" assertions="2" time="0.309785"/>
        <testcase name="test_err_04_exchange_rate_change_applies_only_to_new_transactions" file="C:\Users\bmwan\Documents\monrespro\monrespro-logistic\backend\tests\Feature\ErrorPreventionResilienceTest.php" line="249" class="Tests\Feature\ErrorPreventionResilienceTest" classname="Tests.Feature.ErrorPreventionResilienceTest" assertions="12" time="1.400934"/>
      </testsuite>
      <testsuite name="Tests\Feature\ExampleTest" file="C:\Users\bmwan\Documents\monrespro\monrespro-logistic\backend\tests\Feature\ExampleTest.php" tests="1" assertions="1" errors="0" failures="0" skipped="0" time="0.181947">
        <testcase name="test_the_application_returns_a_successful_response" file="C:\Users\bmwan\Documents\monrespro\monrespro-logistic\backend\tests\Feature\ExampleTest.php" line="13" class="Tests\Feature\ExampleTest" classname="Tests.Feature.ExampleTest" assertions="1" time="0.181947"/>
      </testsuite>
      <testsuite name="Tests\Feature\ExchangeRateApiTest" file="C:\Users\bmwan\Documents\monrespro\monrespro-logistic\backend\tests\Feature\ExchangeRateApiTest.php" tests="2" assertions="6" errors="0" failures="0" skipped="0" time="0.721742">
        <testcase name="test_super_admin_can_record_rate_and_convert_currency" file="C:\Users\bmwan\Documents\monrespro\monrespro-logistic\backend\tests\Feature\ExchangeRateApiTest.php" line="15" class="Tests\Feature\ExchangeRateApiTest" classname="Tests.Feature.ExchangeRateApiTest" assertions="5" time="0.472052"/>
        <testcase name="test_client_cannot_access_currency_convert" file="C:\Users\bmwan\Documents\monrespro\monrespro-logistic\backend\tests\Feature\ExchangeRateApiTest.php" line="42" class="Tests\Feature\ExchangeRateApiTest" classname="Tests.Feature.ExchangeRateApiTest" assertions="1" time="0.249690"/>
      </testsuite>
      <testsuite name="Tests\Feature\FinanceRefundWorkflowTest" file="C:\Users\bmwan\Documents\monrespro\monrespro-logistic\backend\tests\Feature\FinanceRefundWorkflowTest.php" tests="4" assertions="15" errors="0" failures="0" skipped="0" time="1.240350">
        <testcase name="test_fin_01_refund_request_under_review_requires_approval" file="C:\Users\bmwan\Documents\monrespro\monrespro-logistic\backend\tests\Feature\FinanceRefundWorkflowTest.php" line="52" class="Tests\Feature\FinanceRefundWorkflowTest" classname="Tests.Feature.FinanceRefundWorkflowTest" assertions="5" time="0.421120"/>
        <testcase name="test_fin_02_refund_creates_ledger_entry_and_odoo_credit_note" file="C:\Users\bmwan\Documents\monrespro\monrespro-logistic\backend\tests\Feature\FinanceRefundWorkflowTest.php" line="147" class="Tests\Feature\FinanceRefundWorkflowTest" classname="Tests.Feature.FinanceRefundWorkflowTest" assertions="4" time="0.298002"/>
        <testcase name="test_fin_03_regroupement_suggestion_intelligent" file="C:\Users\bmwan\Documents\monrespro\monrespro-logistic\backend\tests\Feature\FinanceRefundWorkflowTest.php" line="237" class="Tests\Feature\FinanceRefundWorkflowTest" classname="Tests.Feature.FinanceRefundWorkflowTest" assertions="2" time="0.263948"/>
        <testcase name="test_fin_04_client_sees_only_own_shipment_not_grouping_details" file="C:\Users\bmwan\Documents\monrespro\monrespro-logistic\backend\tests\Feature\FinanceRefundWorkflowTest.php" line="301" class="Tests\Feature\FinanceRefundWorkflowTest" classname="Tests.Feature.FinanceRefundWorkflowTest" assertions="4" time="0.257280"/>
      </testsuite>
      <testsuite name="Tests\Feature\LogisticsDeliveryWorkflowTest" file="C:\Users\bmwan\Documents\monrespro\monrespro-logistic\backend\tests\Feature\LogisticsDeliveryWorkflowTest.php" tests="4" assertions="17" errors="0" failures="0" skipped="0" time="1.203728">
        <testcase name="test_log_01_virtual_locker_display" file="C:\Users\bmwan\Documents\monrespro\monrespro-logistic\backend\tests\Feature\LogisticsDeliveryWorkflowTest.php" line="72" class="Tests\Feature\LogisticsDeliveryWorkflowTest" classname="Tests.Feature.LogisticsDeliveryWorkflowTest" assertions="4" time="0.321633"/>
        <testcase name="test_log_02_pre_alert_issue_reporting" file="C:\Users\bmwan\Documents\monrespro\monrespro-logistic\backend\tests\Feature\LogisticsDeliveryWorkflowTest.php" line="137" class="Tests\Feature\LogisticsDeliveryWorkflowTest" classname="Tests.Feature.LogisticsDeliveryWorkflowTest" assertions="3" time="0.317610"/>
        <testcase name="test_log_03_delivery_photo_is_mandatory" file="C:\Users\bmwan\Documents\monrespro\monrespro-logistic\backend\tests\Feature\LogisticsDeliveryWorkflowTest.php" line="192" class="Tests\Feature\LogisticsDeliveryWorkflowTest" classname="Tests.Feature.LogisticsDeliveryWorkflowTest" assertions="4" time="0.270665"/>
        <testcase name="test_log_04_delivery_failure_requires_reason_and_notifies" file="C:\Users\bmwan\Documents\monrespro\monrespro-logistic\backend\tests\Feature\LogisticsDeliveryWorkflowTest.php" line="250" class="Tests\Feature\LogisticsDeliveryWorkflowTest" classname="Tests.Feature.LogisticsDeliveryWorkflowTest" assertions="6" time="0.293821"/>
      </testsuite>
      <testsuite name="Tests\Feature\NotificationAuditTest" file="C:\Users\bmwan\Documents\monrespro\monrespro-logistic\backend\tests\Feature\NotificationAuditTest.php" tests="6" assertions="6" errors="0" failures="0" skipped="0" time="1.628533">
        <testcase name="test_notif_003_list_notifications" file="C:\Users\bmwan\Documents\monrespro\monrespro-logistic\backend\tests\Feature\NotificationAuditTest.php" line="45" class="Tests\Feature\NotificationAuditTest" classname="Tests.Feature.NotificationAuditTest" assertions="1" time="0.250515"/>
        <testcase name="test_notif_003_unread_count" file="C:\Users\bmwan\Documents\monrespro\monrespro-logistic\backend\tests\Feature\NotificationAuditTest.php" line="52" class="Tests\Feature\NotificationAuditTest" classname="Tests.Feature.NotificationAuditTest" assertions="1" time="0.236465"/>
        <testcase name="test_mark_all_read" file="C:\Users\bmwan\Documents\monrespro\monrespro-logistic\backend\tests\Feature\NotificationAuditTest.php" line="60" class="Tests\Feature\NotificationAuditTest" classname="Tests.Feature.NotificationAuditTest" assertions="1" time="0.268350"/>
        <testcase name="test_notif_005_notification_audit_log" file="C:\Users\bmwan\Documents\monrespro\monrespro-logistic\backend\tests\Feature\NotificationAuditTest.php" line="67" class="Tests\Feature\NotificationAuditTest" classname="Tests.Feature.NotificationAuditTest" assertions="1" time="0.272400"/>
        <testcase name="test_client_can_view_notifications" file="C:\Users\bmwan\Documents\monrespro\monrespro-logistic\backend\tests\Feature\NotificationAuditTest.php" line="75" class="Tests\Feature\NotificationAuditTest" classname="Tests.Feature.NotificationAuditTest" assertions="1" time="0.244941"/>
        <testcase name="test_branding_public" file="C:\Users\bmwan\Documents\monrespro\monrespro-logistic\backend\tests\Feature\NotificationAuditTest.php" line="82" class="Tests\Feature\NotificationAuditTest" classname="Tests.Feature.NotificationAuditTest" assertions="1" time="0.355862"/>
      </testsuite>
      <testsuite name="Tests\Feature\PickupDeliveryExtendedTest" file="C:\Users\bmwan\Documents\monrespro\monrespro-logistic\backend\tests\Feature\PickupDeliveryExtendedTest.php" tests="7" assertions="12" errors="0" failures="0" skipped="0" time="2.620335">
        <testcase name="test_rl_001_operator_creates_pickup" file="C:\Users\bmwan\Documents\monrespro\monrespro-logistic\backend\tests\Feature\PickupDeliveryExtendedTest.php" line="80" class="Tests\Feature\PickupDeliveryExtendedTest" classname="Tests.Feature.PickupDeliveryExtendedTest" assertions="1" time="0.716791"/>
        <testcase name="test_rl_002_assign_driver" file="C:\Users\bmwan\Documents\monrespro\monrespro-logistic\backend\tests\Feature\PickupDeliveryExtendedTest.php" line="96" class="Tests\Feature\PickupDeliveryExtendedTest" classname="Tests.Feature.PickupDeliveryExtendedTest" assertions="1" time="0.567686"/>
        <testcase name="test_rl_008_driver_isolation" file="C:\Users\bmwan\Documents\monrespro\monrespro-logistic\backend\tests\Feature\PickupDeliveryExtendedTest.php" line="116" class="Tests\Feature\PickupDeliveryExtendedTest" classname="Tests.Feature.PickupDeliveryExtendedTest" assertions="2" time="0.294588"/>
        <testcase name="test_client_cannot_create_pickup" file="C:\Users\bmwan\Documents\monrespro\monrespro-logistic\backend\tests\Feature\PickupDeliveryExtendedTest.php" line="140" class="Tests\Feature\PickupDeliveryExtendedTest" classname="Tests.Feature.PickupDeliveryExtendedTest" assertions="1" time="0.281825"/>
        <testcase name="test_pickup_status_flow" file="C:\Users\bmwan\Documents\monrespro\monrespro-logistic\backend\tests\Feature\PickupDeliveryExtendedTest.php" line="150" class="Tests\Feature\PickupDeliveryExtendedTest" classname="Tests.Feature.PickupDeliveryExtendedTest" assertions="5" time="0.257268"/>
        <testcase name="test_driver_can_list_pickups" file="C:\Users\bmwan\Documents\monrespro\monrespro-logistic\backend\tests\Feature\PickupDeliveryExtendedTest.php" line="175" class="Tests\Feature\PickupDeliveryExtendedTest" classname="Tests.Feature.PickupDeliveryExtendedTest" assertions="1" time="0.249746"/>
        <testcase name="test_pickup_failure_reasons" file="C:\Users\bmwan\Documents\monrespro\monrespro-logistic\backend\tests\Feature\PickupDeliveryExtendedTest.php" line="182" class="Tests\Feature\PickupDeliveryExtendedTest" classname="Tests.Feature.PickupDeliveryExtendedTest" assertions="1" time="0.252430"/>
      </testsuite>
      <testsuite name="Tests\Feature\PickupPolicyTest" file="C:\Users\bmwan\Documents\monrespro\monrespro-logistic\backend\tests\Feature\PickupPolicyTest.php" tests="4" assertions="4" errors="0" failures="0" skipped="0" time="1.221635">
        <testcase name="test_driver_cannot_create_pickup_via_api" file="C:\Users\bmwan\Documents\monrespro\monrespro-logistic\backend\tests\Feature\PickupPolicyTest.php" line="29" class="Tests\Feature\PickupPolicyTest" classname="Tests.Feature.PickupPolicyTest" assertions="1" time="0.276998"/>
        <testcase name="test_operator_can_create_pickup" file="C:\Users\bmwan\Documents\monrespro\monrespro-logistic\backend\tests\Feature\PickupPolicyTest.php" line="43" class="Tests\Feature\PickupPolicyTest" classname="Tests.Feature.PickupPolicyTest" assertions="1" time="0.308947"/>
        <testcase name="test_assigned_driver_can_update_status" file="C:\Users\bmwan\Documents\monrespro\monrespro-logistic\backend\tests\Feature\PickupPolicyTest.php" line="60" class="Tests\Feature\PickupPolicyTest" classname="Tests.Feature.PickupPolicyTest" assertions="1" time="0.317965"/>
        <testcase name="test_unassigned_driver_cannot_update_pickup" file="C:\Users\bmwan\Documents\monrespro\monrespro-logistic\backend\tests\Feature\PickupPolicyTest.php" line="86" class="Tests\Feature\PickupPolicyTest" classname="Tests.Feature.PickupPolicyTest" assertions="1" time="0.317725"/>
      </testsuite>
      <testsuite name="Tests\Feature\ProductBriefTest" file="C:\Users\bmwan\Documents\monrespro\monrespro-logistic\backend\tests\Feature\ProductBriefTest.php" tests="1" assertions="15" errors="0" failures="0" skipped="0" time="0.248384">
        <testcase name="test_product_brief_returns_chapters_one_to_three" file="C:\Users\bmwan\Documents\monrespro\monrespro-logistic\backend\tests\Feature\ProductBriefTest.php" line="15" class="Tests\Feature\ProductBriefTest" classname="Tests.Feature.ProductBriefTest" assertions="15" time="0.248384"/>
      </testsuite>
      <testsuite name="Tests\Feature\PublicTrackingTest" file="C:\Users\bmwan\Documents\monrespro\monrespro-logistic\backend\tests\Feature\PublicTrackingTest.php" tests="8" assertions="29" errors="0" failures="0" skipped="0" time="2.488163">
        <testcase name="test_pc_011_public_tracking_valid_number" file="C:\Users\bmwan\Documents\monrespro\monrespro-logistic\backend\tests\Feature\PublicTrackingTest.php" line="69" class="Tests\Feature\PublicTrackingTest" classname="Tests.Feature.PublicTrackingTest" assertions="9" time="0.246766"/>
        <testcase name="test_pc_012_public_tracking_invalid_number" file="C:\Users\bmwan\Documents\monrespro\monrespro-logistic\backend\tests\Feature\PublicTrackingTest.php" line="86" class="Tests\Feature\PublicTrackingTest" classname="Tests.Feature.PublicTrackingTest" assertions="1" time="0.251077"/>
        <testcase name="test_pc_013_no_personal_data_in_public_tracking" file="C:\Users\bmwan\Documents\monrespro\monrespro-logistic\backend\tests\Feature\PublicTrackingTest.php" line="94" class="Tests\Feature\PublicTrackingTest" classname="Tests.Feature.PublicTrackingTest" assertions="5" time="0.312575"/>
        <testcase name="test_wp_003_widget_track_valid" file="C:\Users\bmwan\Documents\monrespro\monrespro-logistic\backend\tests\Feature\PublicTrackingTest.php" line="108" class="Tests\Feature\PublicTrackingTest" classname="Tests.Feature.PublicTrackingTest" assertions="5" time="0.532973"/>
        <testcase name="test_wp_004_widget_track_invalid" file="C:\Users\bmwan\Documents\monrespro\monrespro-logistic\backend\tests\Feature\PublicTrackingTest.php" line="118" class="Tests\Feature\PublicTrackingTest" classname="Tests.Feature.PublicTrackingTest" assertions="2" time="0.294133"/>
        <testcase name="test_wp_005_widget_no_personal_data" file="C:\Users\bmwan\Documents\monrespro\monrespro-logistic\backend\tests\Feature\PublicTrackingTest.php" line="127" class="Tests\Feature\PublicTrackingTest" classname="Tests.Feature.PublicTrackingTest" assertions="5" time="0.257070"/>
        <testcase name="test_wp_001_wordpress_form_creates_assisted_purchase" file="C:\Users\bmwan\Documents\monrespro\monrespro-logistic\backend\tests\Feature\PublicTrackingTest.php" line="143" class="Tests\Feature\PublicTrackingTest" classname="Tests.Feature.PublicTrackingTest" assertions="1" time="0.296601"/>
        <testcase name="test_wp_002_wordpress_unknown_email" file="C:\Users\bmwan\Documents\monrespro\monrespro-logistic\backend\tests\Feature\PublicTrackingTest.php" line="161" class="Tests\Feature\PublicTrackingTest" classname="Tests.Feature.PublicTrackingTest" assertions="1" time="0.296967"/>
      </testsuite>
      <testsuite name="Tests\Feature\RbacSecurityTest" file="C:\Users\bmwan\Documents\monrespro\monrespro-logistic\backend\tests\Feature\RbacSecurityTest.php" tests="6" assertions="21" errors="0" failures="0" skipped="0" time="1.634394">
        <testcase name="test_sec_01_only_super_admin_can_access_system_settings" file="C:\Users\bmwan\Documents\monrespro\monrespro-logistic\backend\tests\Feature\RbacSecurityTest.php" line="42" class="Tests\Feature\RbacSecurityTest" classname="Tests.Feature.RbacSecurityTest" assertions="6" time="0.309107"/>
        <testcase name="test_sec_02_operator_cannot_approve_refund_above_threshold" file="C:\Users\bmwan\Documents\monrespro\monrespro-logistic\backend\tests\Feature\RbacSecurityTest.php" line="84" class="Tests\Feature\RbacSecurityTest" classname="Tests.Feature.RbacSecurityTest" assertions="2" time="0.294004"/>
        <testcase name="test_sec_03_driver_only_sees_assigned_shipments" file="C:\Users\bmwan\Documents\monrespro\monrespro-logistic\backend\tests\Feature\RbacSecurityTest.php" line="126" class="Tests\Feature\RbacSecurityTest" classname="Tests.Feature.RbacSecurityTest" assertions="7" time="0.250474"/>
        <testcase name="test_sec_04_validated_invoice_is_immutable" file="C:\Users\bmwan\Documents\monrespro\monrespro-logistic\backend\tests\Feature\RbacSecurityTest.php" line="154" class="Tests\Feature\RbacSecurityTest" classname="Tests.Feature.RbacSecurityTest" assertions="4" time="0.250007"/>
        <testcase name="test_sec_05_operator_cannot_list_finance_invoices" file="C:\Users\bmwan\Documents\monrespro\monrespro-logistic\backend\tests\Feature\RbacSecurityTest.php" line="210" class="Tests\Feature\RbacSecurityTest" classname="Tests.Feature.RbacSecurityTest" assertions="1" time="0.264823"/>
        <testcase name="test_sec_06_driver_cannot_download_shipment_invoice_pdf" file="C:\Users\bmwan\Documents\monrespro\monrespro-logistic\backend\tests\Feature\RbacSecurityTest.php" line="225" class="Tests\Feature\RbacSecurityTest" classname="Tests.Feature.RbacSecurityTest" assertions="1" time="0.265980"/>
      </testsuite>
      <testsuite name="Tests\Feature\RefundExportTest" file="C:\Users\bmwan\Documents\monrespro\monrespro-logistic\backend\tests\Feature\RefundExportTest.php" tests="2" assertions="4" errors="0" failures="0" skipped="0" time="0.491667">
        <testcase name="test_client_cannot_export_refunds" file="C:\Users\bmwan\Documents\monrespro\monrespro-logistic\backend\tests\Feature\RefundExportTest.php" line="31" class="Tests\Feature\RefundExportTest" classname="Tests.Feature.RefundExportTest" assertions="1" time="0.232118"/>
        <testcase name="test_operator_receives_csv_export" file="C:\Users\bmwan\Documents\monrespro\monrespro-logistic\backend\tests\Feature\RefundExportTest.php" line="43" class="Tests\Feature\RefundExportTest" classname="Tests.Feature.RefundExportTest" assertions="3" time="0.259549"/>
      </testsuite>
      <testsuite name="Tests\Feature\RefundWorkflowExtendedTest" file="C:\Users\bmwan\Documents\monrespro\monrespro-logistic\backend\tests\Feature\RefundWorkflowExtendedTest.php" tests="10" assertions="27" errors="0" failures="0" skipped="0" time="4.474902">
        <testcase name="test_rf_001_client_creates_refund_request" file="C:\Users\bmwan\Documents\monrespro\monrespro-logistic\backend\tests\Feature\RefundWorkflowExtendedTest.php" line="62" class="Tests\Feature\RefundWorkflowExtendedTest" classname="Tests.Feature.RefundWorkflowExtendedTest" assertions="6" time="0.332782"/>
        <testcase name="test_rf_002_refund_without_reason_fails" file="C:\Users\bmwan\Documents\monrespro\monrespro-logistic\backend\tests\Feature\RefundWorkflowExtendedTest.php" line="81" class="Tests\Feature\RefundWorkflowExtendedTest" classname="Tests.Feature.RefundWorkflowExtendedTest" assertions="3" time="0.300657"/>
        <testcase name="test_rf_003_small_refund_approval" file="C:\Users\bmwan\Documents\monrespro\monrespro-logistic\backend\tests\Feature\RefundWorkflowExtendedTest.php" line="98" class="Tests\Feature\RefundWorkflowExtendedTest" classname="Tests.Feature.RefundWorkflowExtendedTest" assertions="3" time="0.376537"/>
        <testcase name="test_rf_004_operator_blocked_for_medium_refund" file="C:\Users\bmwan\Documents\monrespro\monrespro-logistic\backend\tests\Feature\RefundWorkflowExtendedTest.php" line="124" class="Tests\Feature\RefundWorkflowExtendedTest" classname="Tests.Feature.RefundWorkflowExtendedTest" assertions="2" time="0.673874"/>
        <testcase name="test_rf_005_agency_admin_approves_medium_refund" file="C:\Users\bmwan\Documents\monrespro\monrespro-logistic\backend\tests\Feature\RefundWorkflowExtendedTest.php" line="146" class="Tests\Feature\RefundWorkflowExtendedTest" classname="Tests.Feature.RefundWorkflowExtendedTest" assertions="2" time="0.847448"/>
        <testcase name="test_rf_007_reject_without_reason_fails" file="C:\Users\bmwan\Documents\monrespro\monrespro-logistic\backend\tests\Feature\RefundWorkflowExtendedTest.php" line="168" class="Tests\Feature\RefundWorkflowExtendedTest" classname="Tests.Feature.RefundWorkflowExtendedTest" assertions="3" time="0.466190"/>
        <testcase name="test_rf_008_reject_with_reason_ok" file="C:\Users\bmwan\Documents\monrespro\monrespro-logistic\backend\tests\Feature\RefundWorkflowExtendedTest.php" line="192" class="Tests\Feature\RefundWorkflowExtendedTest" classname="Tests.Feature.RefundWorkflowExtendedTest" assertions="2" time="0.432287"/>
        <testcase name="test_rf_009_process_creates_ledger_entry" file="C:\Users\bmwan\Documents\monrespro\monrespro-logistic\backend\tests\Feature\RefundWorkflowExtendedTest.php" line="216" class="Tests\Feature\RefundWorkflowExtendedTest" classname="Tests.Feature.RefundWorkflowExtendedTest" assertions="3" time="0.409969"/>
        <testcase name="test_client_cannot_export_refunds" file="C:\Users\bmwan\Documents\monrespro\monrespro-logistic\backend\tests\Feature\RefundWorkflowExtendedTest.php" line="242" class="Tests\Feature\RefundWorkflowExtendedTest" classname="Tests.Feature.RefundWorkflowExtendedTest" assertions="1" time="0.307183"/>
        <testcase name="test_rf_015_csv_export" file="C:\Users\bmwan\Documents\monrespro\monrespro-logistic\backend\tests\Feature\RefundWorkflowExtendedTest.php" line="249" class="Tests\Feature\RefundWorkflowExtendedTest" classname="Tests.Feature.RefundWorkflowExtendedTest" assertions="2" time="0.327976"/>
      </testsuite>
      <testsuite name="Tests\Feature\ReportAnalyticsTest" file="C:\Users\bmwan\Documents\monrespro\monrespro-logistic\backend\tests\Feature\ReportAnalyticsTest.php" tests="13" assertions="15" errors="0" failures="0" skipped="0" time="4.432858">
        <testcase name="test_rpt_001_operational_dashboard" file="C:\Users\bmwan\Documents\monrespro\monrespro-logistic\backend\tests\Feature\ReportAnalyticsTest.php" line="45" class="Tests\Feature\ReportAnalyticsTest" classname="Tests.Feature.ReportAnalyticsTest" assertions="1" time="0.402395"/>
        <testcase name="test_rpt_002_analytics_dashboard" file="C:\Users\bmwan\Documents\monrespro\monrespro-logistic\backend\tests\Feature\ReportAnalyticsTest.php" line="52" class="Tests\Feature\ReportAnalyticsTest" classname="Tests.Feature.ReportAnalyticsTest" assertions="1" time="0.359098"/>
        <testcase name="test_rpt_010_operator_denied_analytics" file="C:\Users\bmwan\Documents\monrespro\monrespro-logistic\backend\tests\Feature\ReportAnalyticsTest.php" line="61" class="Tests\Feature\ReportAnalyticsTest" classname="Tests.Feature.ReportAnalyticsTest" assertions="1" time="0.289016"/>
        <testcase name="test_rpt_006_export_csv_shipments" file="C:\Users\bmwan\Documents\monrespro\monrespro-logistic\backend\tests\Feature\ReportAnalyticsTest.php" line="68" class="Tests\Feature\ReportAnalyticsTest" classname="Tests.Feature.ReportAnalyticsTest" assertions="1" time="0.278779"/>
        <testcase name="test_dashboard_sections" file="C:\Users\bmwan\Documents\monrespro\monrespro-logistic\backend\tests\Feature\ReportAnalyticsTest.php" line="77" class="Tests\Feature\ReportAnalyticsTest" classname="Tests.Feature.ReportAnalyticsTest" assertions="3" time="0.296727"/>
        <testcase name="test_reports_summary" file="C:\Users\bmwan\Documents\monrespro\monrespro-logistic\backend\tests\Feature\ReportAnalyticsTest.php" line="92" class="Tests\Feature\ReportAnalyticsTest" classname="Tests.Feature.ReportAnalyticsTest" assertions="1" time="0.565787"/>
        <testcase name="test_reports_shipments" file="C:\Users\bmwan\Documents\monrespro\monrespro-logistic\backend\tests\Feature\ReportAnalyticsTest.php" line="99" class="Tests\Feature\ReportAnalyticsTest" classname="Tests.Feature.ReportAnalyticsTest" assertions="1" time="0.321690"/>
        <testcase name="test_reports_finance" file="C:\Users\bmwan\Documents\monrespro\monrespro-logistic\backend\tests\Feature\ReportAnalyticsTest.php" line="106" class="Tests\Feature\ReportAnalyticsTest" classname="Tests.Feature.ReportAnalyticsTest" assertions="1" time="0.290743"/>
        <testcase name="test_rpt_007_export_pdf_report" file="C:\Users\bmwan\Documents\monrespro\monrespro-logistic\backend\tests\Feature\ReportAnalyticsTest.php" line="113" class="Tests\Feature\ReportAnalyticsTest" classname="Tests.Feature.ReportAnalyticsTest" assertions="1" time="0.570098"/>
        <testcase name="test_overdue_dashboard" file="C:\Users\bmwan\Documents\monrespro\monrespro-logistic\backend\tests\Feature\ReportAnalyticsTest.php" line="122" class="Tests\Feature\ReportAnalyticsTest" classname="Tests.Feature.ReportAnalyticsTest" assertions="1" time="0.280002"/>
        <testcase name="test_quote_conversion_analytics" file="C:\Users\bmwan\Documents\monrespro\monrespro-logistic\backend\tests\Feature\ReportAnalyticsTest.php" line="129" class="Tests\Feature\ReportAnalyticsTest" classname="Tests.Feature.ReportAnalyticsTest" assertions="1" time="0.258876"/>
        <testcase name="test_finance_dashboard" file="C:\Users\bmwan\Documents\monrespro\monrespro-logistic\backend\tests\Feature\ReportAnalyticsTest.php" line="137" class="Tests\Feature\ReportAnalyticsTest" classname="Tests.Feature.ReportAnalyticsTest" assertions="1" time="0.268261"/>
        <testcase name="test_client_denied_reports" file="C:\Users\bmwan\Documents\monrespro\monrespro-logistic\backend\tests\Feature\ReportAnalyticsTest.php" line="144" class="Tests\Feature\ReportAnalyticsTest" classname="Tests.Feature.ReportAnalyticsTest" assertions="1" time="0.251385"/>
      </testsuite>
      <testsuite name="Tests\Feature\RoleAccessMatrixTest" file="C:\Users\bmwan\Documents\monrespro\monrespro-logistic\backend\tests\Feature\RoleAccessMatrixTest.php" tests="12" assertions="16" errors="0" failures="0" skipped="0" time="3.825246">
        <testcase name="test_role_001_operator_cannot_access_system_settings" file="C:\Users\bmwan\Documents\monrespro\monrespro-logistic\backend\tests\Feature\RoleAccessMatrixTest.php" line="39" class="Tests\Feature\RoleAccessMatrixTest" classname="Tests.Feature.RoleAccessMatrixTest" assertions="1" time="0.265705"/>
        <testcase name="test_role_002_operator_cannot_approve_large_refund" file="C:\Users\bmwan\Documents\monrespro\monrespro-logistic\backend\tests\Feature\RoleAccessMatrixTest.php" line="46" class="Tests\Feature\RoleAccessMatrixTest" classname="Tests.Feature.RoleAccessMatrixTest" assertions="1" time="0.239509"/>
        <testcase name="test_role_003_driver_sees_only_assigned_tasks" file="C:\Users\bmwan\Documents\monrespro\monrespro-logistic\backend\tests\Feature\RoleAccessMatrixTest.php" line="53" class="Tests\Feature\RoleAccessMatrixTest" classname="Tests.Feature.RoleAccessMatrixTest" assertions="3" time="0.231803"/>
        <testcase name="test_role_005_client_cannot_create_shipment_directly" file="C:\Users\bmwan\Documents\monrespro\monrespro-logistic\backend\tests\Feature\RoleAccessMatrixTest.php" line="62" class="Tests\Feature\RoleAccessMatrixTest" classname="Tests.Feature.RoleAccessMatrixTest" assertions="1" time="0.261182"/>
        <testcase name="test_role_006_agency_admin_can_manage_agencies" file="C:\Users\bmwan\Documents\monrespro\monrespro-logistic\backend\tests\Feature\RoleAccessMatrixTest.php" line="70" class="Tests\Feature\RoleAccessMatrixTest" classname="Tests.Feature.RoleAccessMatrixTest" assertions="1" time="0.235710"/>
        <testcase name="test_role_007_agency_admin_cannot_access_global_settings" file="C:\Users\bmwan\Documents\monrespro\monrespro-logistic\backend\tests\Feature\RoleAccessMatrixTest.php" line="77" class="Tests\Feature\RoleAccessMatrixTest" classname="Tests.Feature.RoleAccessMatrixTest" assertions="1" time="0.236799"/>
        <testcase name="test_role_008_super_admin_has_full_access" file="C:\Users\bmwan\Documents\monrespro\monrespro-logistic\backend\tests\Feature\RoleAccessMatrixTest.php" line="84" class="Tests\Feature\RoleAccessMatrixTest" classname="Tests.Feature.RoleAccessMatrixTest" assertions="3" time="0.262182"/>
        <testcase name="test_role_009_operator_cannot_manage_exchange_rates" file="C:\Users\bmwan\Documents\monrespro\monrespro-logistic\backend\tests\Feature\RoleAccessMatrixTest.php" line="95" class="Tests\Feature\RoleAccessMatrixTest" classname="Tests.Feature.RoleAccessMatrixTest" assertions="1" time="0.248102"/>
        <testcase name="test_role_010_client_cannot_access_regroupements" file="C:\Users\bmwan\Documents\monrespro\monrespro-logistic\backend\tests\Feature\RoleAccessMatrixTest.php" line="102" class="Tests\Feature\RoleAccessMatrixTest" classname="Tests.Feature.RoleAccessMatrixTest" assertions="1" time="0.413404"/>
        <testcase name="test_operator_can_view_shipments" file="C:\Users\bmwan\Documents\monrespro\monrespro-logistic\backend\tests\Feature\RoleAccessMatrixTest.php" line="109" class="Tests\Feature\RoleAccessMatrixTest" classname="Tests.Feature.RoleAccessMatrixTest" assertions="1" time="0.565762"/>
        <testcase name="test_driver_cannot_access_finances" file="C:\Users\bmwan\Documents\monrespro\monrespro-logistic\backend\tests\Feature\RoleAccessMatrixTest.php" line="116" class="Tests\Feature\RoleAccessMatrixTest" classname="Tests.Feature.RoleAccessMatrixTest" assertions="1" time="0.583398"/>
        <testcase name="test_customs_agent_can_view_shipments" file="C:\Users\bmwan\Documents\monrespro\monrespro-logistic\backend\tests\Feature\RoleAccessMatrixTest.php" line="123" class="Tests\Feature\RoleAccessMatrixTest" classname="Tests.Feature.RoleAccessMatrixTest" assertions="1" time="0.281690"/>
      </testsuite>
      <testsuite name="Tests\Feature\SecurityExtendedTest" file="C:\Users\bmwan\Documents\monrespro\monrespro-logistic\backend\tests\Feature\SecurityExtendedTest.php" tests="9" assertions="13" errors="0" failures="0" skipped="0" time="2.441485">
        <testcase name="test_sec_004_unauthenticated_access_returns_401" file="C:\Users\bmwan\Documents\monrespro\monrespro-logistic\backend\tests\Feature\SecurityExtendedTest.php" line="49" class="Tests\Feature\SecurityExtendedTest" classname="Tests.Feature.SecurityExtendedTest" assertions="5" time="0.284069"/>
        <testcase name="test_sec_003_operator_cannot_call_approve_endpoint" file="C:\Users\bmwan\Documents\monrespro\monrespro-logistic\backend\tests\Feature\SecurityExtendedTest.php" line="59" class="Tests\Feature\SecurityExtendedTest" classname="Tests.Feature.SecurityExtendedTest" assertions="1" time="0.289156"/>
        <testcase name="test_sec_006_sql_injection_search_safe" file="C:\Users\bmwan\Documents\monrespro\monrespro-logistic\backend\tests\Feature\SecurityExtendedTest.php" line="70" class="Tests\Feature\SecurityExtendedTest" classname="Tests.Feature.SecurityExtendedTest" assertions="1" time="0.259512"/>
        <testcase name="test_sec_007_xss_in_description_safely_stored" file="C:\Users\bmwan\Documents\monrespro\monrespro-logistic\backend\tests\Feature\SecurityExtendedTest.php" line="81" class="Tests\Feature\SecurityExtendedTest" classname="Tests.Feature.SecurityExtendedTest" assertions="1" time="0.238465"/>
        <testcase name="test_sec_008_malicious_file_upload_rejected" file="C:\Users\bmwan\Documents\monrespro\monrespro-logistic\backend\tests\Feature\SecurityExtendedTest.php" line="97" class="Tests\Feature\SecurityExtendedTest" classname="Tests.Feature.SecurityExtendedTest" assertions="1" time="0.248716"/>
        <testcase name="test_sec_002_idor_between_agencies" file="C:\Users\bmwan\Documents\monrespro\monrespro-logistic\backend\tests\Feature\SecurityExtendedTest.php" line="129" class="Tests\Feature\SecurityExtendedTest" classname="Tests.Feature.SecurityExtendedTest" assertions="1" time="0.283283"/>
        <testcase name="test_driver_cannot_create_shipments" file="C:\Users\bmwan\Documents\monrespro\monrespro-logistic\backend\tests\Feature\SecurityExtendedTest.php" line="158" class="Tests\Feature\SecurityExtendedTest" classname="Tests.Feature.SecurityExtendedTest" assertions="1" time="0.296920"/>
        <testcase name="test_client_cannot_manage_users" file="C:\Users\bmwan\Documents\monrespro\monrespro-logistic\backend\tests\Feature\SecurityExtendedTest.php" line="165" class="Tests\Feature\SecurityExtendedTest" classname="Tests.Feature.SecurityExtendedTest" assertions="1" time="0.277012"/>
        <testcase name="test_operator_cannot_access_analytics" file="C:\Users\bmwan\Documents\monrespro\monrespro-logistic\backend\tests\Feature\SecurityExtendedTest.php" line="172" class="Tests\Feature\SecurityExtendedTest" classname="Tests.Feature.SecurityExtendedTest" assertions="1" time="0.264353"/>
      </testsuite>
      <testsuite name="Tests\Feature\ShipmentDuplicateTest" file="C:\Users\bmwan\Documents\monrespro\monrespro-logistic\backend\tests\Feature\ShipmentDuplicateTest.php" tests="2" assertions="14" errors="0" failures="0" skipped="0" time="0.530106">
        <testcase name="test_operator_duplicates_shipment_as_draft_with_new_tracking" file="C:\Users\bmwan\Documents\monrespro\monrespro-logistic\backend\tests\Feature\ShipmentDuplicateTest.php" line="31" class="Tests\Feature\ShipmentDuplicateTest" classname="Tests.Feature.ShipmentDuplicateTest" assertions="13" time="0.274304"/>
        <testcase name="test_client_cannot_duplicate" file="C:\Users\bmwan\Documents\monrespro\monrespro-logistic\backend\tests\Feature\ShipmentDuplicateTest.php" line="108" class="Tests\Feature\ShipmentDuplicateTest" classname="Tests.Feature.ShipmentDuplicateTest" assertions="1" time="0.255802"/>
      </testsuite>
      <testsuite name="Tests\Feature\ShipmentPipelineTest" file="C:\Users\bmwan\Documents\monrespro\monrespro-logistic\backend\tests\Feature\ShipmentPipelineTest.php" tests="11" assertions="19" errors="0" failures="0" skipped="0" time="3.390100">
        <testcase name="test_exp_015_transition_to_ready_for_dispatch" file="C:\Users\bmwan\Documents\monrespro\monrespro-logistic\backend\tests\Feature\ShipmentPipelineTest.php" line="84" class="Tests\Feature\ShipmentPipelineTest" classname="Tests.Feature.ShipmentPipelineTest" assertions="2" time="0.312424"/>
        <testcase name="test_exp_015b_ready_for_dispatch_without_payment_blocked" file="C:\Users\bmwan\Documents\monrespro\monrespro-logistic\backend\tests\Feature\ShipmentPipelineTest.php" line="99" class="Tests\Feature\ShipmentPipelineTest" classname="Tests.Feature.ShipmentPipelineTest" assertions="3" time="0.559149"/>
        <testcase name="test_exp_018_transition_to_in_transit" file="C:\Users\bmwan\Documents\monrespro\monrespro-logistic\backend\tests\Feature\ShipmentPipelineTest.php" line="113" class="Tests\Feature\ShipmentPipelineTest" classname="Tests.Feature.ShipmentPipelineTest" assertions="2" time="0.357069"/>
        <testcase name="test_exp_019_transition_to_arrived_at_destination" file="C:\Users\bmwan\Documents\monrespro\monrespro-logistic\backend\tests\Feature\ShipmentPipelineTest.php" line="127" class="Tests\Feature\ShipmentPipelineTest" classname="Tests.Feature.ShipmentPipelineTest" assertions="2" time="0.303248"/>
        <testcase name="test_exp_021_customs_hold" file="C:\Users\bmwan\Documents\monrespro\monrespro-logistic\backend\tests\Feature\ShipmentPipelineTest.php" line="141" class="Tests\Feature\ShipmentPipelineTest" classname="Tests.Feature.ShipmentPipelineTest" assertions="2" time="0.300874"/>
        <testcase name="test_exp_022_cancellation_before_dispatch" file="C:\Users\bmwan\Documents\monrespro\monrespro-logistic\backend\tests\Feature\ShipmentPipelineTest.php" line="155" class="Tests\Feature\ShipmentPipelineTest" classname="Tests.Feature.ShipmentPipelineTest" assertions="2" time="0.304702"/>
        <testcase name="test_exp_024_illegal_transition_blocked" file="C:\Users\bmwan\Documents\monrespro\monrespro-logistic\backend\tests\Feature\ShipmentPipelineTest.php" line="169" class="Tests\Feature\ShipmentPipelineTest" classname="Tests.Feature.ShipmentPipelineTest" assertions="2" time="0.248942"/>
        <testcase name="test_skip_transition_received_to_delivered_blocked" file="C:\Users\bmwan\Documents\monrespro\monrespro-logistic\backend\tests\Feature\ShipmentPipelineTest.php" line="183" class="Tests\Feature\ShipmentPipelineTest" classname="Tests.Feature.ShipmentPipelineTest" assertions="1" time="0.269404"/>
        <testcase name="test_exp_002_unique_tracking_number" file="C:\Users\bmwan\Documents\monrespro\monrespro-logistic\backend\tests\Feature\ShipmentPipelineTest.php" line="196" class="Tests\Feature\ShipmentPipelineTest" classname="Tests.Feature.ShipmentPipelineTest" assertions="1" time="0.255005"/>
        <testcase name="test_delivered_is_terminal" file="C:\Users\bmwan\Documents\monrespro\monrespro-logistic\backend\tests\Feature\ShipmentPipelineTest.php" line="205" class="Tests\Feature\ShipmentPipelineTest" classname="Tests.Feature.ShipmentPipelineTest" assertions="1" time="0.243416"/>
        <testcase name="test_cancelled_is_terminal" file="C:\Users\bmwan\Documents\monrespro\monrespro-logistic\backend\tests\Feature\ShipmentPipelineTest.php" line="211" class="Tests\Feature\ShipmentPipelineTest" classname="Tests.Feature.ShipmentPipelineTest" assertions="1" time="0.235867"/>
      </testsuite>
      <testsuite name="Tests\Feature\StandardShippingWorkflowTest" file="C:\Users\bmwan\Documents\monrespro\monrespro-logistic\backend\tests\Feature\StandardShippingWorkflowTest.php" tests="6" assertions="23" errors="0" failures="0" skipped="0" time="2.415869">
        <testcase name="test_exp_01_shipment_creation_with_smart_form" file="C:\Users\bmwan\Documents\monrespro\monrespro-logistic\backend\tests\Feature\StandardShippingWorkflowTest.php" line="54" class="Tests\Feature\StandardShippingWorkflowTest" classname="Tests.Feature.StandardShippingWorkflowTest" assertions="4" time="0.311802"/>
        <testcase name="test_exp_02_client_duplicate_detection" file="C:\Users\bmwan\Documents\monrespro\monrespro-logistic\backend\tests\Feature\StandardShippingWorkflowTest.php" line="116" class="Tests\Feature\StandardShippingWorkflowTest" classname="Tests.Feature.StandardShippingWorkflowTest" assertions="2" time="0.251568"/>
        <testcase name="test_exp_03_pdf_generation_with_qr_code" file="C:\Users\bmwan\Documents\monrespro\monrespro-logistic\backend\tests\Feature\StandardShippingWorkflowTest.php" line="155" class="Tests\Feature\StandardShippingWorkflowTest" classname="Tests.Feature.StandardShippingWorkflowTest" assertions="4" time="0.471274"/>
        <testcase name="test_exp_04_signed_form_archiving" file="C:\Users\bmwan\Documents\monrespro\monrespro-logistic\backend\tests\Feature\StandardShippingWorkflowTest.php" line="207" class="Tests\Feature\StandardShippingWorkflowTest" classname="Tests.Feature.StandardShippingWorkflowTest" assertions="5" time="0.279962"/>
        <testcase name="test_exp_05_customs_hold_notification_and_ticket" file="C:\Users\bmwan\Documents\monrespro\monrespro-logistic\backend\tests\Feature\StandardShippingWorkflowTest.php" line="269" class="Tests\Feature\StandardShippingWorkflowTest" classname="Tests.Feature.StandardShippingWorkflowTest" assertions="3" time="0.433753"/>
        <testcase name="test_exp_b_hub_measured_weight_variance_gate" file="C:\Users\bmwan\Documents\monrespro\monrespro-logistic\backend\tests\Feature\StandardShippingWorkflowTest.php" line="331" class="Tests\Feature\StandardShippingWorkflowTest" classname="Tests.Feature.StandardShippingWorkflowTest" assertions="5" time="0.667509"/>
      </testsuite>
    </testsuite>
  </testsuite>
</testsuites>
